
> proofa@0.1.0 build /Users/devendrapratapsingh/personal/proofa-core
> turbo run build

• turbo 2.7.2
• Packages in scope: @proofa/auth, @proofa/cache, @proofa/client, @proofa/core, @proofa/dashboard-admin, @proofa/dashboard-home, @proofa/dashboard-user, @proofa/db, @proofa/docs, @proofa/gateway, @proofa/queue, @proofa/react, @proofa/shared, @proofa/workers
• Running build in 14 packages
• Remote caching disabled
@proofa/dashboard-admin:typecheck: cache miss, executing 9d4f7bdf45080100
@proofa/core:typecheck: cache miss, executing 75691ed3e96629aa
@proofa/react:typecheck: cache hit, replaying logs 8a1f315aba15819d
@proofa/react:typecheck: 
@proofa/react:typecheck: Debugger attached.
@proofa/react:typecheck: 
@proofa/react:typecheck: > @proofa/react@0.0.1 typecheck /Users/devendrapratapsingh/personal/proofa-core/packages/react
@proofa/react:typecheck: > tsc --noEmit
@proofa/react:typecheck: 
@proofa/react:typecheck: Debugger attached.
@proofa/react:typecheck: Waiting for the debugger to disconnect...
@proofa/react:typecheck: Waiting for the debugger to disconnect...
@proofa/shared:typecheck: cache hit, replaying logs 4cb82eb10f69ec38
@proofa/shared:typecheck: 
@proofa/shared:typecheck: Debugger attached.
@proofa/shared:typecheck: 
@proofa/shared:typecheck: > @proofa/shared@1.0.0 typecheck /Users/devendrapratapsingh/personal/proofa-core/packages/shared
@proofa/shared:typecheck: > tsc --noEmit
@proofa/shared:typecheck: 
@proofa/shared:typecheck: Debugger attached.
@proofa/shared:typecheck: Waiting for the debugger to disconnect...
@proofa/shared:typecheck: Waiting for the debugger to disconnect...
@proofa/dashboard-home:typecheck: cache miss, executing abb105e142ed365a
@proofa/docs:typecheck: cache miss, executing 3f01cdc74ac24cdd
@proofa/auth:typecheck: cache hit, replaying logs ca4264d91a8f7b1d
@proofa/auth:typecheck: 
@proofa/auth:typecheck: Debugger attached.
@proofa/auth:typecheck: 
@proofa/auth:typecheck: > @proofa/auth@1.0.0 typecheck /Users/devendrapratapsingh/personal/proofa-core/packages/auth
@proofa/auth:typecheck: > tsc --noEmit
@proofa/auth:typecheck: 
@proofa/auth:typecheck: Debugger attached.
@proofa/auth:typecheck: Waiting for the debugger to disconnect...
@proofa/auth:typecheck: Waiting for the debugger to disconnect...
@proofa/client:typecheck: cache hit, replaying logs 07dd1182098de192
@proofa/client:typecheck: 
@proofa/client:typecheck: Debugger attached.
@proofa/client:typecheck: 
@proofa/client:typecheck: > @proofa/client@0.0.1 typecheck /Users/devendrapratapsingh/personal/proofa-core/packages/client
@proofa/client:typecheck: > tsc --noEmit
@proofa/client:typecheck: 
@proofa/client:typecheck: Debugger attached.
@proofa/client:typecheck: Waiting for the debugger to disconnect...
@proofa/client:typecheck: Waiting for the debugger to disconnect...
@proofa/db:typecheck: cache miss, executing f721d06e0409134f
@proofa/workers:typecheck: cache miss, executing 26cbcd6be111d3ed
@proofa/gateway:typecheck: cache miss, executing 521d8db323638278
@proofa/dashboard-user:typecheck: cache hit, replaying logs 5f68ca2aa204ac13
@proofa/dashboard-user:typecheck: 
@proofa/dashboard-user:typecheck: Debugger attached.
@proofa/dashboard-user:typecheck: 
@proofa/dashboard-user:typecheck: > @proofa/dashboard-user@0.0.0 typecheck /Users/devendrapratapsingh/personal/proofa-core/apps/dashboard/user
@proofa/dashboard-user:typecheck: > tsc --noEmit
@proofa/dashboard-user:typecheck: 
@proofa/dashboard-user:typecheck: Debugger attached.
@proofa/dashboard-user:typecheck: Waiting for the debugger to disconnect...
@proofa/dashboard-user:typecheck: Waiting for the debugger to disconnect...
@proofa/cache:typecheck: cache hit, replaying logs 62cead062cd18492
@proofa/cache:typecheck: 
@proofa/cache:typecheck: Debugger attached.
@proofa/cache:typecheck: 
@proofa/cache:typecheck: > @proofa/cache@1.0.0 typecheck /Users/devendrapratapsingh/personal/proofa-core/packages/cache
@proofa/cache:typecheck: > tsc --noEmit
@proofa/cache:typecheck: 
@proofa/cache:typecheck: Debugger attached.
@proofa/cache:typecheck: Waiting for the debugger to disconnect...
@proofa/cache:typecheck: Waiting for the debugger to disconnect...
@proofa/cache:build: cache miss, executing 9236578524d9a481
@proofa/queue:build: cache hit, replaying logs 868e1d8978bb34c5
@proofa/queue:build: 
@proofa/queue:build: Debugger attached.
@proofa/queue:build: 
@proofa/queue:build: > @proofa/queue@0.1.0 build /Users/devendrapratapsingh/personal/proofa-core/packages/queue
@proofa/queue:build: > tsc
@proofa/queue:build: 
@proofa/queue:build: Debugger attached.
@proofa/queue:build: Waiting for the debugger to disconnect...
@proofa/queue:build: Waiting for the debugger to disconnect...
@proofa/dashboard-admin:typecheck: 
@proofa/dashboard-admin:typecheck: > @proofa/dashboard-admin@0.1.0 typecheck /Users/devendrapratapsingh/personal/proofa-core/apps/dashboard/admin
@proofa/dashboard-admin:typecheck: > tsc --noEmit
@proofa/dashboard-admin:typecheck: 
@proofa/docs:typecheck: 
@proofa/docs:typecheck: > @proofa/docs@0.1.0 typecheck /Users/devendrapratapsingh/personal/proofa-core/apps/dashboard/docs
@proofa/docs:typecheck: > tsc --noEmit
@proofa/docs:typecheck: 
@proofa/dashboard-home:typecheck: 
@proofa/dashboard-home:typecheck: > @proofa/dashboard-home@0.1.0 typecheck /Users/devendrapratapsingh/personal/proofa-core/apps/dashboard/home
@proofa/dashboard-home:typecheck: > tsc --noEmit
@proofa/dashboard-home:typecheck: 
@proofa/core:typecheck: 
@proofa/core:typecheck: > @proofa/core@1.0.0 typecheck /Users/devendrapratapsingh/personal/proofa-core/apps/services/core
@proofa/core:typecheck: > tsc --noEmit
@proofa/core:typecheck: 
@proofa/db:typecheck: 
@proofa/db:typecheck: > @proofa/db@0.1.0 typecheck /Users/devendrapratapsingh/personal/proofa-core/packages/db
@proofa/db:typecheck: > tsc --noEmit
@proofa/db:typecheck: 
@proofa/workers:typecheck: 
@proofa/workers:typecheck: > @proofa/workers@1.0.0 typecheck /Users/devendrapratapsingh/personal/proofa-core/apps/services/workers
@proofa/workers:typecheck: > tsc --noEmit
@proofa/workers:typecheck: 
@proofa/gateway:typecheck: 
@proofa/gateway:typecheck: > @proofa/gateway@1.0.0 typecheck /Users/devendrapratapsingh/personal/proofa-core/apps/services/gateway
@proofa/gateway:typecheck: > tsc --noEmit
@proofa/gateway:typecheck: 
@proofa/cache:build: 
@proofa/cache:build: > @proofa/cache@1.0.0 build /Users/devendrapratapsingh/personal/proofa-core/packages/cache
@proofa/cache:build: > tsc
@proofa/cache:build: 
@proofa/dashboard-home:build: cache miss, executing 36bc08281e571130
@proofa/dashboard-home:build: 
@proofa/dashboard-home:build: > @proofa/dashboard-home@0.1.0 build /Users/devendrapratapsingh/personal/proofa-core/apps/dashboard/home
@proofa/dashboard-home:build: > astro build
@proofa/dashboard-home:build: 
@proofa/workers:typecheck: src/process-payment.ts(28,37): error TS2344: Type 'ProcessPaymentJobData' does not satisfy the constraint 'AllJobData'.
@proofa/workers:typecheck:   Type 'ProcessPaymentJobData' is missing the following properties from type 'ReconcilePaymentJob': type, paymentTransactionId, providerTransactionId, timestamp
@proofa/workers:typecheck: src/process-payment.ts(42,46): error TS2307: Cannot find module '@proofa/core/billing' or its corresponding type declarations.
@proofa/workers:typecheck: src/process-payment.ts(73,52): error TS2307: Cannot find module '@proofa/core/billing' or its corresponding type declarations.
@proofa/workers:typecheck: src/process-payment.ts(127,49): error TS2307: Cannot find module '@proofa/core/billing' or its corresponding type declarations.
@proofa/workers:typecheck: src/process-refund.ts(12,10): error TS2724: '"@proofa/queue"' has no exported member named 'getQueueClient'. Did you mean 'QueueClient'?
@proofa/workers:typecheck: src/process-refund.ts(18,2): error TS6133: 'payment_provider_configs' is declared but its value is never read.
@proofa/workers:typecheck: src/process-refund.ts(31,36): error TS6133: 'reason' is declared but its value is never read.
@proofa/workers:typecheck: src/process-refund.ts(31,44): error TS6133: 'adminUserId' is declared but its value is never read.
@proofa/workers:typecheck: src/process-webhook.ts(13,10): error TS2724: '"@proofa/queue"' has no exported member named 'getQueueClient'. Did you mean 'QueueClient'?
@proofa/workers:typecheck: src/process-webhook.ts(45,44): error TS2307: Cannot find module '@proofa/core/billing' or its corresponding type declarations.
@proofa/workers:typecheck: src/sync-license.ts(14,10): error TS2724: '"@proofa/queue"' has no exported member named 'getQueueClient'. Did you mean 'QueueClient'?
@proofa/workers:typecheck: src/sync-license.ts(43,11): error TS6133: 'db' is declared but its value is never read.
@proofa/workers:typecheck: src/sync-license.ts(46,46): error TS2307: Cannot find module '@proofa/core/billing' or its corresponding type declarations.
@proofa/workers:typecheck:  ELIFECYCLE  Command failed with exit code 2.
@proofa/workers:typecheck: ERROR: command finished with error: command (/Users/devendrapratapsingh/personal/proofa-core/apps/services/workers) /Users/devendrapratapsingh/.nvm/versions/node/v22.21.1/bin/pnpm run typecheck exited (2)
@proofa/workers#typecheck: command (/Users/devendrapratapsingh/personal/proofa-core/apps/services/workers) /Users/devendrapratapsingh/.nvm/versions/node/v22.21.1/bin/pnpm run typecheck exited (2)

 Tasks:    8 successful, 16 total
Cached:    7 cached, 16 total
  Time:    2.507s 
Failed:    @proofa/workers#typecheck

 ERROR  run failed: command  exited (2)
 ELIFECYCLE  Command failed with exit code 2.
